// Jest Snapshot v1, https://goo.gl/fbAQLP

exports[`Landing 1`] = `
<div
  className="importantDates-webpart"
>
  <div
    className="Header App"
  >
    <div
      className="importantDates-img"
    >
      <h2>
        Important Dates
      </h2>
    </div>
  </div>
  <div
    className="App"
  >
    <div
      className="ms-Dropdown-container"
    >
      <label
        className="root_b71e4c37 ms-Label ms-Dropdown-label"
        id="importanDates-label"
        required={undefined}
      >
        Select Type of Event
      </label>
      <div
        aria-activedescendant={null}
        aria-describedby="importanDates-option"
        aria-disabled={undefined}
        aria-expanded="false"
        aria-label="Select Type of Event"
        aria-live="assertive"
        aria-owns="importanDates-list"
        aria-readonly={true}
        className="ms-Dropdown root_ca4b5a14"
        data-is-focusable={true}
        id="importanDates"
        onClick={[Function]}
        onKeyDown={[Function]}
        onKeyUp={[Function]}
        role="combobox"
        tabIndex={0}
      >
        <span
          aria-atomic={true}
          className="ms-Dropdown-title title_ca4b5a14 titleIsPlaceHolder_ca4b5a14"
          id="importanDates-option"
        />
        <i
          aria-hidden="true"
          className="ms-Dropdown-caretDown ms-Icon ms-Icon--ChevronDown caretDown_ca4b5a14"
          role="presentation"
        />
      </div>
    </div>
  </div>
  <div
    className="App"
  >
    <div>
      <div />
    </div>
  </div>
  <div
    className="App viewEvents"
  >
    <a
      href="https://georgianservices.azurewebsites.net/Pages/ImportantDates.aspx?SPHostUrl=https%3a%2f%2fgeorgiancollege.sharepoint.com%2fsites%2fstudent&SPHostTitle=Home&SPAppWebUrl=https%3a%2f%2fgeorgiancollege-ce6491b1a96565.sharepoint.com%2fsites%2fstudent%2fGeorgianServicesAddIn&SPLanguage=en-US&SPClientTag=0&SPProductNumber=16.0.6511.1209&CategoryName=important-dates&TimeSpanMonths=1&SenderId=94792B182&AppContextToken=eyJ0eXAiOiJKV1QiLCJhbGciOiJIUzI1NiJ9.eyJhdWQiOiIxNzllMmIzNy1lYTg3LTQ3ODktYjNkMC02MDZlMzkyMzk2ZWEvZ2VvcmdpYW5zZXJ2aWNlcy5henVyZXdlYnNpdGVzLm5ldEBkYTlhOTRiNi00NjgxLTQ5YmMtYmQ3Yy1iYWI5ZWFjMGFkM2MiLCJpc3MiOiIwMDAwMDAwMS0wMDAwLTAwMDAtYzAwMC0wMDAwMDAwMDAwMDBAZGE5YTk0YjYtNDY4MS00OWJjLWJkN2MtYmFiOWVhYzBhZDNjIiwiaWF0IjoxNDk1NzQ0NjE5LCJuYmYiOjE0OTU3NDQ2MTksImV4cCI6MTQ5NTc0ODUxOSwiYXBwY3R4Ijoie1wiQ2FjaGVLZXlcIjpcIjRzSUhvY0d0SHJyR2JWY2E0VkFHcEVvNDlaUXdpOU55TkdUc01BdFRyQW89XCIsXCJOZXh0Q2FjaGVLZXlcIjpudWxsLFwiU2VjdXJpdHlUb2tlblNlcnZpY2VVcmlcIjpcImh0dHBzOi8vYWNjb3VudHMuYWNjZXNzY29udHJvbC53aW5kb3dzLm5ldC90b2tlbnMvT0F1dGgvMlwifSIsImFwcGN0eHNlbmRlciI6IjAwMDAwMDAzLTAwMDAtMGZmMS1jZTAwLTAwMDAwMDAwMDAwMEBkYTlhOTRiNi00NjgxLTQ5YmMtYmQ3Yy1iYWI5ZWFjMGFkM2MiLCJpc2Jyb3dzZXJob3N0ZWRhcHAiOiJ0cnVlIiwicmVmcmVzaHRva2VuIjoiSUFBQUFLdHJzT1JXckVUd19UQzRtcDJOejJnSW40V09oOEw3ZXNUWnJDcmFsZDR4TDRkSmlmczJGNGJRQV8zTEFNMEJpSmxORXlRVmZIUG5wZ2o5NTJTUE9neEdlT0drM19FWmI0RzJnczZSdGFFUklTdlFVclZ0dHVUV1VuN3dURXN0Wk9WS1cyZWNYTERYaE0zd2JZMWJscGx4b0NBVllxR3VteDJQRzViOFllUHJrT0NtRmlkWUU5eHNRVmhObU1xVWd1a29Lc2RpSDYwQUtnSF9fUF9Za0tvS3gtLUlDQkxoNkM5U1ZuaVFYT0FQOWlKS2xmRkd1bWpMUXBVZkt5ZnpEWmFzLXZlcnByN2JLT29xZjFYeXBjdkRzaldPYmlMVjVvVmstVEdaaHRVeDZPWEVHZk9NVzZTYlRocURWVk10VXcifQ.UsxTcESzJa_tt7HPofTvXEiL4XeMKQN4N_iaIEPzACc"
    >
      View all events
    </a>
  </div>
</div>
`;
