// Jest Snapshot v1, https://goo.gl/fbAQLP

exports[`Place of Interest list component without items should render an empty div (React DOM snapshot method) 1`] = `<div />`;
