// Jest Snapshot v1, https://goo.gl/fbAQLP

exports[`Place of Interest list component should render itself with an Office Fabric DetailsList component 1`] = `<DetailsList />`;
